package fix

import (
	"fmt"
	bar "general/y"
)

func _b() {
	var phy bar.Phylum
	switch phy { // want "^missing cases in switch of type bar.Phylum: Chordata, Echinodermata, Mollusca$"
	case bar.Chordata, bar.Echinodermata, bar.Mollusca:
		panic(fmt.Sprintf("unhandled value: %v", phy))
	}
}
