package fix

import (
	"fmt"
)

func _i() {
	var d Direction
	switch d { // want "^missing cases in switch of type Direction: E, directionInvalid$"
	case N:
	case S:
	case W:
	case E, directionInvalid:
		panic(fmt.Sprintf("unhandled value: %v", d))
	}
}
